// Jest Snapshot v1, https://goo.gl/fbAQLP

exports[`Input component snapshot test 1`] = `
<input
  autoCapitalize="sentences"
  autoComplete="on"
  autoCorrect="on"
  className="css-textinput-11aywtz"
  data-focusable={true}
  dir="auto"
  onBlur={[Function]}
  onChange={[Function]}
  onFocus={[Function]}
  onKeyDown={[Function]}
  onKeyPress={[Function]}
  onSelect={[Function]}
  placeholder="place holder"
  readOnly={false}
  spellCheck={true}
  style={
    Object {
      "borderBottomColor": "rgba(128,128,128,1.00)",
      "borderBottomLeftRadius": "4px",
      "borderBottomRightRadius": "4px",
      "borderBottomWidth": "1px",
      "borderLeftColor": "rgba(128,128,128,1.00)",
      "borderLeftWidth": "1px",
      "borderRightColor": "rgba(128,128,128,1.00)",
      "borderRightWidth": "1px",
      "borderTopColor": "rgba(128,128,128,1.00)",
      "borderTopLeftRadius": "4px",
      "borderTopRightRadius": "4px",
      "borderTopWidth": "1px",
      "height": "40px",
      "width": "100%",
    }
  }
  type="text"
  value=""
/>
`;
